Error() [with int ROW = 5; int COL = 5; WHAT = spt::Mismatched_Close_Tag]':
