Error() [with int ROW = 5; int COL = 3; WHAT = spt::Mismatched_Close_Tag]':
