Error() [with int ROW = 5; int COL = 3; WHAT = spt::Unexpected_character_inside_tag_content]':
