Error() [with int ROW = 3; int COL = 7; WHAT = spt::Unexpected_character_inside_tag_content]':
