Error() [with int ROW = 4; int COL = 8; WHAT = spt::Missing_close_bracket_on_void_tag]':
