Error() [with int ROW = 6; int COL = 5; WHAT = spt::Mismatched_Close_Tag]':
