Warning() [with int ROW = 13; int COL = 14; WHAT = spt::Duplicate_ID_on_tag]':
