Error() [with int ROW = 2; int COL = 2; WHAT = spt::Expecting_a_tag_name_after_open_bracket]':
