Error() [with int ROW = 5; int COL = 4; WHAT = spt::Expecting_a_tag_name_after_open_bracket]':
